   Compiling proc-macro2 v1.0.107
   Compiling unicode-ident v1.0.24
   Compiling quote v1.0.47
   Compiling libc v0.2.189
    Checking cfg-if v1.0.4
    Checking bytes v1.12.1
    Checking pin-project-lite v0.2.17
   Compiling serde_core v1.0.229
   Compiling crossbeam-utils v0.8.23
    Checking bitflags v2.13.2
    Checking futures-core v0.3.34
   Compiling serde v1.0.229
   Compiling cfg_aliases v0.2.2
    Checking scopeguard v1.2.0
    Checking slab v0.4.12
   Compiling rustix v1.1.4
    Checking lock_api v0.4.14
    Checking linux-raw-sys v0.12.1
    Checking futures-task v0.3.34
    Checking futures-sink v0.3.34
   Compiling io-uring v0.7.15
   Compiling paste v1.0.15
    Checking log v0.4.34
    Checking arrayvec v0.7.8
    Checking tracing-core v0.1.36
    Checking spin v0.9.9
   Compiling compio-driver v0.11.4
   Compiling syn v3.0.5
    Checking tracing v0.1.44
    Checking once_cell v1.21.4
   Compiling object v0.37.3
    Checking memchr v2.8.3
   Compiling thiserror v2.0.20
    Checking compio-log v0.1.0
    Checking flume v0.12.0
    Checking crossbeam-queue v0.3.14
    Checking gimli v0.32.3
    Checking smallvec v1.16.1
    Checking parking v2.2.1
    Checking thin-cell v0.1.2
   Compiling parking_lot_core v0.9.12
    Checking foldhash v0.2.0
    Checking adler2 v2.0.1
    Checking event-listener v5.4.2
    Checking miniz_oxide v0.8.9
    Checking compio-buf v0.8.3
    Checking socket2 v0.6.5
    Checking num_cpus v1.17.0
    Checking errno v0.3.14
   Compiling nix v0.31.3
    Checking core_affinity v0.8.3
    Checking async-task v4.7.1
   Compiling signal-hook v0.4.4
    Checking rustc-demangle v0.1.28
    Checking scoped-tls v1.0.1
    Checking signal-hook-registry v1.4.8
    Checking event-listener-strategy v0.5.4
    Checking concurrent-queue v2.5.0
   Compiling ntex-rt v3.17.2
    Checking itoa v1.0.18
    Checking parking_lot v0.12.5
    Checking async-channel v2.5.0
    Checking crossbeam-channel v0.5.17
    Checking swap-buffer-queue v0.2.1
    Checking oneshot v0.2.1
    Checking atomic-waker v1.1.2
    Checking futures-timer v3.0.4
   Compiling rustversion v1.0.23
    Checking ntex-service v4.6.0
    Checking http v1.5.0
   Compiling ntex-io-uring v0.7.120
    Checking either v1.18.0
    Checking addr2line v0.25.1
   Compiling syn v2.0.119
   Compiling getrandom v0.4.3
    Checking sc v0.2.7
    Checking io_uring_buf_ring v0.2.3
    Checking ntex-polling v3.10.0
   Compiling linkme-impl v0.3.37
    Checking regex-syntax v0.8.11
   Compiling zmij v1.0.23
    Checking uuid v1.26.1
   Compiling encoding_rs v0.8.41
    Checking percent-encoding v2.3.2
   Compiling unicode-xid v0.2.6
    Checking simdutf8 v0.1.5
   Compiling linkme v0.3.37
   Compiling httparse v1.10.1
   Compiling serde_json v1.0.151
    Checking form_urlencoded v1.2.2
    Checking env_filter v2.0.0
   Compiling multiversion_no_op v1.0.0
    Checking debug_unsafe v0.1.4
    Checking nanorand v0.8.0
    Checking ryu v1.0.23
    Checking core_detect v1.0.0
    Checking env_logger v0.11.11
    Checking atoi_simd v0.18.1
    Checking backtrace v0.3.76
    Checking ntex-httparse v2.1.0
    Checking getrandom v0.2.17
    Checking libloading v0.8.9
    Checking send_wrapper v0.6.0
    Checking base64 v0.22.1
    Checking regex-automata v0.4.18
    Checking mime v0.3.17
    Checking httpdate v1.0.3
    Checking semver v1.0.28
    Checking futures-channel v0.3.34
   Compiling serde_derive v1.0.229
   Compiling futures-macro v0.3.34
   Compiling thiserror-impl v2.0.20
   Compiling multiversion-macros v0.9.0
   Compiling ntex-macros v3.5.0
    Checking futures-util v0.3.34
    Checking regex v1.13.1
    Checking multiversion v0.9.0
   Compiling derive_more-impl v2.1.1
   Compiling neon-macros v1.1.1
   Compiling variadics_please v1.1.0
    Checking neon v1.1.1
    Checking derive_more v2.1.1
    Checking synchrony v0.1.9
    Checking ntex-bytes v1.9.0
    Checking serde_urlencoded v0.7.1
    Checking compio-io v0.9.1
    Checking ntex-error v2.6.0
    Checking ntex-codec v1.2.1
    Checking ntex-http v1.2.0
    Checking ntex-router v1.1.0
    Checking compio-runtime v0.11.0
    Checking compio-net v0.11.1
    Checking ntex-util v3.6.1
    Checking ntex-io v3.13.1
    Checking ntex-net v3.15.0
    Checking ntex-dispatcher v3.2.1
    Checking ntex-server v3.11.2
    Checking ntex-tls v3.8.0
    Checking ntex-h2 v3.13.0
    Checking ntex v3.12.3
    Checking ntex-compio-napi v0.1.0 (/home/akrc/Developer/ntex-compio-napi)
    Finished `dev` profile [unoptimized + debuginfo] target(s) in 28.82s
